// Jest Snapshot v1, https://goo.gl/fbAQLP

exports[`WelcomeMessage renders successfully 1`] = `
<Text>
  Open up App.tsx to start working on your app!
</Text>
`;
